{
  "0 debug pnpm:scope": {
    "selected": 1
  },
  "1 debug pnpm:package-manifest": {
    "initial": {
      "name": "smart-swap-olx",
      "version": "0.1.0",
      "private": true,
      "scripts": {
        "dev": "next dev",
        "build": "next build",
        "start": "next start",
        "lint": "eslint . --max-warnings=0",
        "typecheck": "tsc --noEmit"
      },
      "dependencies": {
        "@supabase/ssr": "^0.6.1",
        "@supabase/supabase-js": "^2.49.4",
        "clsx": "^2.1.1",
        "lucide-react": "^0.468.0",
        "next": "^15.3.4",
        "react": "^19.0.0",
        "react-dom": "^19.0.0"
      },
      "devDependencies": {
        "@types/node": "^22.10.7",
        "@types/react": "^19.0.7",
        "@types/react-dom": "^19.0.3",
        "@eslint/eslintrc": "^3.2.0",
        "autoprefixer": "^10.4.20",
        "eslint": "^9.18.0",
        "eslint-config-next": "^15.3.4",
        "postcss": "^8.5.1",
        "tailwindcss": "^3.4.17",
        "typescript": "^5.7.3"
      }
    },
    "prefix": "C:\\Users\\dharm\\OneDrive\\Desktop\\Smart Swap OLX"
  },
  "2 debug pnpm:context": {
    "currentLockfileExists": false,
    "storeDir": "C:\\Users\\dharm\\.pnpm-store\\v3",
    "virtualStoreDir": "C:\\Users\\dharm\\OneDrive\\Desktop\\Smart Swap OLX\\node_modules\\.pnpm"
  },
  "3 debug pnpm:stage": {
    "prefix": "C:\\Users\\dharm\\OneDrive\\Desktop\\Smart Swap OLX",
    "stage": "resolution_started"
  },
  "4 debug pnpm:request-retry": {
    "attempt": 1,
    "error": {
      "code": "ERR_INVALID_THIS"
    },
    "maxRetries": 2,
    "method": "GET",
    "timeout": 10000,
    "url": "https://registry.npmjs.org/@types%2Fnode"
  },
  "5 debug pnpm:request-retry": {
    "attempt": 1,
    "error": {
      "code": "ERR_INVALID_THIS"
    },
    "maxRetries": 2,
    "method": "GET",
    "timeout": 10000,
    "url": "https://registry.npmjs.org/@types%2Freact"
  },
  "6 debug pnpm:request-retry": {
    "attempt": 1,
    "error": {
      "code": "ERR_INVALID_THIS"
    },
    "maxRetries": 2,
    "method": "GET",
    "timeout": 10000,
    "url": "https://registry.npmjs.org/@types%2Freact-dom"
  },
  "7 debug pnpm:request-retry": {
    "attempt": 1,
    "error": {
      "code": "ERR_INVALID_THIS"
    },
    "maxRetries": 2,
    "method": "GET",
    "timeout": 10000,
    "url": "https://registry.npmjs.org/@eslint%2Feslintrc"
  },
  "8 debug pnpm:request-retry": {
    "attempt": 1,
    "error": {
      "code": "ERR_INVALID_THIS"
    },
    "maxRetries": 2,
    "method": "GET",
    "timeout": 10000,
    "url": "https://registry.npmjs.org/autoprefixer"
  },
  "9 debug pnpm:request-retry": {
    "attempt": 1,
    "error": {
      "code": "ERR_INVALID_THIS"
    },
    "maxRetries": 2,
    "method": "GET",
    "timeout": 10000,
    "url": "https://registry.npmjs.org/eslint"
  },
  "10 debug pnpm:request-retry": {
    "attempt": 1,
    "error": {
      "code": "ERR_INVALID_THIS"
    },
    "maxRetries": 2,
    "method": "GET",
    "timeout": 10000,
    "url": "https://registry.npmjs.org/eslint-config-next"
  },
  "11 debug pnpm:request-retry": {
    "attempt": 1,
    "error": {
      "code": "ERR_INVALID_THIS"
    },
    "maxRetries": 2,
    "method": "GET",
    "timeout": 10000,
    "url": "https://registry.npmjs.org/postcss"
  },
  "12 debug pnpm:request-retry": {
    "attempt": 1,
    "error": {
      "code": "ERR_INVALID_THIS"
    },
    "maxRetries": 2,
    "method": "GET",
    "timeout": 10000,
    "url": "https://registry.npmjs.org/tailwindcss"
  },
  "13 debug pnpm:request-retry": {
    "attempt": 1,
    "error": {
      "code": "ERR_INVALID_THIS"
    },
    "maxRetries": 2,
    "method": "GET",
    "timeout": 10000,
    "url": "https://registry.npmjs.org/typescript"
  },
  "14 debug pnpm:request-retry": {
    "attempt": 1,
    "error": {
      "code": "ERR_INVALID_THIS"
    },
    "maxRetries": 2,
    "method": "GET",
    "timeout": 10000,
    "url": "https://registry.npmjs.org/@supabase%2Fssr"
  },
  "15 debug pnpm:request-retry": {
    "attempt": 1,
    "error": {
      "code": "ERR_INVALID_THIS"
    },
    "maxRetries": 2,
    "method": "GET",
    "timeout": 10000,
    "url": "https://registry.npmjs.org/@supabase%2Fsupabase-js"
  },
  "16 debug pnpm:request-retry": {
    "attempt": 1,
    "error": {
      "code": "ERR_INVALID_THIS"
    },
    "maxRetries": 2,
    "method": "GET",
    "timeout": 10000,
    "url": "https://registry.npmjs.org/clsx"
  },
  "17 debug pnpm:request-retry": {
    "attempt": 1,
    "error": {
      "code": "ERR_INVALID_THIS"
    },
    "maxRetries": 2,
    "method": "GET",
    "timeout": 10000,
    "url": "https://registry.npmjs.org/lucide-react"
  },
  "18 debug pnpm:request-retry": {
    "attempt": 1,
    "error": {
      "code": "ERR_INVALID_THIS"
    },
    "maxRetries": 2,
    "method": "GET",
    "timeout": 10000,
    "url": "https://registry.npmjs.org/next"
  },
  "19 debug pnpm:request-retry": {
    "attempt": 1,
    "error": {
      "code": "ERR_INVALID_THIS"
    },
    "maxRetries": 2,
    "method": "GET",
    "timeout": 10000,
    "url": "https://registry.npmjs.org/react"
  },
  "20 debug pnpm:request-retry": {
    "attempt": 2,
    "error": {
      "code": "ERR_INVALID_THIS"
    },
    "maxRetries": 2,
    "method": "GET",
    "timeout": 60000,
    "url": "https://registry.npmjs.org/@types%2Fnode"
  },
  "21 debug pnpm:request-retry": {
    "attempt": 2,
    "error": {
      "code": "ERR_INVALID_THIS"
    },
    "maxRetries": 2,
    "method": "GET",
    "timeout": 60000,
    "url": "https://registry.npmjs.org/@types%2Freact"
  },
  "22 debug pnpm:request-retry": {
    "attempt": 2,
    "error": {
      "code": "ERR_INVALID_THIS"
    },
    "maxRetries": 2,
    "method": "GET",
    "timeout": 60000,
    "url": "https://registry.npmjs.org/@types%2Freact-dom"
  },
  "23 debug pnpm:request-retry": {
    "attempt": 2,
    "error": {
      "code": "ERR_INVALID_THIS"
    },
    "maxRetries": 2,
    "method": "GET",
    "timeout": 60000,
    "url": "https://registry.npmjs.org/@eslint%2Feslintrc"
  },
  "24 debug pnpm:request-retry": {
    "attempt": 2,
    "error": {
      "code": "ERR_INVALID_THIS"
    },
    "maxRetries": 2,
    "method": "GET",
    "timeout": 60000,
    "url": "https://registry.npmjs.org/autoprefixer"
  },
  "25 debug pnpm:request-retry": {
    "attempt": 2,
    "error": {
      "code": "ERR_INVALID_THIS"
    },
    "maxRetries": 2,
    "method": "GET",
    "timeout": 60000,
    "url": "https://registry.npmjs.org/eslint"
  },
  "26 debug pnpm:request-retry": {
    "attempt": 2,
    "error": {
      "code": "ERR_INVALID_THIS"
    },
    "maxRetries": 2,
    "method": "GET",
    "timeout": 60000,
    "url": "https://registry.npmjs.org/eslint-config-next"
  },
  "27 debug pnpm:request-retry": {
    "attempt": 2,
    "error": {
      "code": "ERR_INVALID_THIS"
    },
    "maxRetries": 2,
    "method": "GET",
    "timeout": 60000,
    "url": "https://registry.npmjs.org/postcss"
  },
  "28 debug pnpm:request-retry": {
    "attempt": 2,
    "error": {
      "code": "ERR_INVALID_THIS"
    },
    "maxRetries": 2,
    "method": "GET",
    "timeout": 60000,
    "url": "https://registry.npmjs.org/tailwindcss"
  },
  "29 debug pnpm:request-retry": {
    "attempt": 2,
    "error": {
      "code": "ERR_INVALID_THIS"
    },
    "maxRetries": 2,
    "method": "GET",
    "timeout": 60000,
    "url": "https://registry.npmjs.org/typescript"
  },
  "30 debug pnpm:request-retry": {
    "attempt": 2,
    "error": {
      "code": "ERR_INVALID_THIS"
    },
    "maxRetries": 2,
    "method": "GET",
    "timeout": 60000,
    "url": "https://registry.npmjs.org/@supabase%2Fssr"
  },
  "31 debug pnpm:request-retry": {
    "attempt": 2,
    "error": {
      "code": "ERR_INVALID_THIS"
    },
    "maxRetries": 2,
    "method": "GET",
    "timeout": 60000,
    "url": "https://registry.npmjs.org/@supabase%2Fsupabase-js"
  },
  "32 debug pnpm:request-retry": {
    "attempt": 2,
    "error": {
      "code": "ERR_INVALID_THIS"
    },
    "maxRetries": 2,
    "method": "GET",
    "timeout": 60000,
    "url": "https://registry.npmjs.org/clsx"
  },
  "33 debug pnpm:request-retry": {
    "attempt": 2,
    "error": {
      "code": "ERR_INVALID_THIS"
    },
    "maxRetries": 2,
    "method": "GET",
    "timeout": 60000,
    "url": "https://registry.npmjs.org/lucide-react"
  },
  "34 debug pnpm:request-retry": {
    "attempt": 2,
    "error": {
      "code": "ERR_INVALID_THIS"
    },
    "maxRetries": 2,
    "method": "GET",
    "timeout": 60000,
    "url": "https://registry.npmjs.org/next"
  },
  "35 debug pnpm:request-retry": {
    "attempt": 2,
    "error": {
      "code": "ERR_INVALID_THIS"
    },
    "maxRetries": 2,
    "method": "GET",
    "timeout": 60000,
    "url": "https://registry.npmjs.org/react"
  },
  "36 debug pnpm:request-retry": {
    "attempt": 1,
    "error": {
      "code": "ERR_INVALID_THIS"
    },
    "maxRetries": 2,
    "method": "GET",
    "timeout": 10000,
    "url": "https://registry.npmjs.org/react-dom"
  },
  "37 error pnpm": {
    "code": "ERR_PNPM_META_FETCH_FAIL",
    "attempts": 1,
    "pkgsStack": [],
    "err": {
      "name": "pnpm",
      "message": "GET https://registry.npmjs.org/@types%2Fnode: Value of \"this\" must be of type URLSearchParams",
      "code": "ERR_PNPM_META_FETCH_FAIL",
      "stack": "pnpm: GET https://registry.npmjs.org/@types%2Fnode: Value of \"this\" must be of type URLSearchParams\n    at RetryOperation._fn (C:\\Users\\dharm\\AppData\\Local\\Temp\\pnpm-standalone.cjs:84827:18)\n    at processTicksAndRejections (node:internal/process/task_queues:104:5)\n    at runNextTicks (node:internal/process/task_queues:69:3)\n    at listOnTimeout (node:internal/timers:567:9)\n    at process.processTimers (node:internal/timers:541:7)"
    }
  }
}